(2026AIC·面向城市场景的视觉多模态目标检测) D:\2026AIC·面向城市场景的视觉多模态目标检测>python main.py
Ultralytics 8.4.152  Python-3.14.5 torch-2.14.0+cu132 CUDA:0 (NVIDIA GeForce RTX 5080, 16275MiB)
engine\trainer: agnostic_nms=False, amp=bf16, angle=1.0, augment=False, augmentations=None, auto_augment=randaugment, batch=5, bgr=0.0, box=7.5, cache=disk, cfg=None, channels_last=False, classes=None, close_mosaic=900, cls=0.5, cls_pw=0.25, cls_remap=True, compile=False, conf=0.001, copy_paste=0.0, copy_paste_mode=flip, cos_lr=True, cutmix=0.0, data=./datasets/data.yaml, degrees=0.0, deterministic=True, device=0, dfl=1.5, dgrad=0.5, dis=6.0, distill_model=None, dlam=1.0, dlog=1.0, dnn=False, dropout=0.0, dynamic=False, embed=None, epochs=5000, erasing=0.4, exist_ok=False, fliplr=0.5, flipud=0.0, format=torchscript, fraction=1.0, freeze=None, hsv_h=0.0, hsv_s=0.0, hsv_v=0.0, imgsz=1280, iou=0.7, keras=False, kobj=1.0, line_width=None, lr0=0.0003, lrf=0.01, mask_ratio=4, max_det=100, mixup=0.0, mode=train, model=./orgin_models/yolo26l.pt, momentum=0.9, mosaic=0.5, multi_scale=0.0, name=AIC_RGBIRDepth_yolo26l_1280_v2-3, nbs=16, nms=None, opset=None, optimize=False, optimizer=AdamW, overlap_mask=True, patience=100, perspective=0.0, plots=True, pose=12.0, pretrained=True, profile=False, project=D:\2026AIC\runs\detect, quantize=None, rect=False, resume=False, retina_masks=False, rle=1.0, save=True, save_conf=False, save_crop=False, save_dir=D:\2026AIC\runs\detect\AIC_RGBIRDepth_yolo26l_1280_v2-3, save_frames=False, save_json=False, save_period=25, save_txt=False, scale=0.3, seed=0, shear=0.0, show=False, show_boxes=True, show_conf=True, show_labels=True, simplify=True, single_cls=False, source=None, split=val, stream_buffer=False, task=detect, time=None, tracker=tracktrack.yaml, translate=0.1, val=True, verbose=True, vid_stride=1, visualize=False, warmup_bias_lr=0.0, warmup_epochs=5.0, warmup_momentum=0.8, weight_decay=0.0005, workers=4, workspace=None
Overriding model.yaml nc=80 with nc=12

                   from  n    params  module                                       arguments
  0                  -1  1      3008  ultralytics.nn.modules.conv.Conv             [5, 64, 3, 2]
  1                  -1  1     73984  ultralytics.nn.modules.conv.Conv             [64, 128, 3, 2]
  2                  -1  2    173824  ultralytics.nn.modules.block.C3k2            [128, 256, 2, True, 0.25]
  3                  -1  1    590336  ultralytics.nn.modules.conv.Conv             [256, 256, 3, 2]
  4                  -1  2    691712  ultralytics.nn.modules.block.C3k2            [256, 512, 2, True, 0.25]
  5                  -1  1   2360320  ultralytics.nn.modules.conv.Conv             [512, 512, 3, 2]
  6                  -1  2   2234368  ultralytics.nn.modules.block.C3k2            [512, 512, 2, True]
  7                  -1  1   2360320  ultralytics.nn.modules.conv.Conv             [512, 512, 3, 2]
  8                  -1  2   2234368  ultralytics.nn.modules.block.C3k2            [512, 512, 2, True]
  9                  -1  1    656896  ultralytics.nn.modules.block.SPPF            [512, 512, 5, 3, True]
 10                  -1  2   1455616  ultralytics.nn.modules.block.C2PSA           [512, 512, 2]
 11                  -1  1         0  torch.nn.modules.upsampling.Upsample         [None, 2, 'nearest']
 12             [-1, 6]  1         0  ultralytics.nn.modules.conv.Concat           [1]
 13                  -1  2   2496512  ultralytics.nn.modules.block.C3k2            [1024, 512, 2, True]
 14                  -1  1         0  torch.nn.modules.upsampling.Upsample         [None, 2, 'nearest']
 15             [-1, 4]  1         0  ultralytics.nn.modules.conv.Concat           [1]
 16                  -1  2    756736  ultralytics.nn.modules.block.C3k2            [1024, 256, 2, True]
 17                  -1  1    590336  ultralytics.nn.modules.conv.Conv             [256, 256, 3, 2]
 18            [-1, 13]  1         0  ultralytics.nn.modules.conv.Concat           [1]
 19                  -1  2   2365440  ultralytics.nn.modules.block.C3k2            [768, 512, 2, True]
 20                  -1  1   2360320  ultralytics.nn.modules.conv.Conv             [512, 512, 3, 2]
 21            [-1, 10]  1         0  ultralytics.nn.modules.conv.Concat           [1]
 22                  -1  1   1974784  ultralytics.nn.modules.block.C3k2            [1024, 512, 1, True, 0.5, True]
 23        [16, 19, 22]  1   2817120  ultralytics.nn.modules.head.Detect           [12, 1, True, [256, 512, 512]]
YOLO26l summary: 392 layers, 26,196,000 parameters, 26,196,000 gradients, 93.8 GFLOPs

Remapped 4/12 cls head rows from pretrained weights by class name
Transferred 1092/1092 items from pretrained weights
train: Fast image access  (ping: 0.00.0 ms, read: 3763.6249.9 MB/s, size: 2877.6 KB)
train: Scanning D:\2026AIC·面向城市场景的视觉多模态目标检测\datasets\train\labels.cache... 1744 images, 1 backgrounds, 0 corrupt: 100% ━━━━━━━━━━━━ 1744/1744 406.4Mit/s 0.0s
test: D:\2026AIC\datasets\train\images\hehe_10_00000044.png: 1 duplicate labels removed
train: Caching images (15.6GB Disk): 100% ━━━━━━━━━━━━ 1744/1744 17.3Kit/s 0.1s
train:  4 1
val: Fast image access  (ping: 0.00.0 ms, read: 3312.9467.6 MB/s, size: 3239.1 KB)
val: Scanning D:\2026AIC·面向城市场景的视觉多模态目标检测\datasets\val\labels.cache... 256 images, 0 backgrounds, 0 corrupt: 100% ━━━━━━━━━━━━ 256/256 82.6Mit/s 0.0s
val: Caching images (2.5GB Disk): 100% ━━━━━━━━━━━━ 256/256 19.0Kit/s 0.0s
val:  4 1
optimizer: AdamW(lr=0.0003, momentum=0.9) with parameter groups 178 weight(decay=0.0), 190 weight(decay=0.00046875), 190 bias(decay=0.0)
Class weights: [      0.544       1.289       0.619       0.891       0.838       0.887       0.658       1.436       0.667       1.088       1.145       1.938]
Plotting labels to D:\2026AIC\runs\detect\AIC_RGBIRDepth_yolo26l_1280_v2-3\labels.jpg...
Using 1744 train, 256 val images for fraction=1.0 at imgsz=1280
Using 4 dataloader workers
Logging results to D:\2026AIC\runs\detect\AIC_RGBIRDepth_yolo26l_1280_v2-3
Starting training for 5000 epochs...

      Epoch    GPU_mem   box_loss   cls_loss    l1_loss  Instances       Size
     1/5000      14.8G      1.568      4.985   0.004863         22       1280: 100% ━━━━━━━━━━━━ 349/349 1.7it/s 3:27
                 Class     Images  Instances      Box(P          R      mAP50  mAP50-95): 100% ━━━━━━━━━━━━ 26/26 1.5it/s 17.1s
                   all        256       2566      0.589      0.479      0.499      0.323

      Epoch    GPU_mem   box_loss   cls_loss    l1_loss  Instances       Size
     2/5000        15G      1.557      1.691   0.004995         31       1280: 100% ━━━━━━━━━━━━ 349/349 1.2it/s 4:41
                 Class     Images  Instances      Box(P          R      mAP50  mAP50-95): 100% ━━━━━━━━━━━━ 26/26 7.8it/s 3.3s
                   all        256       2566      0.652       0.47      0.479      0.303

      Epoch    GPU_mem   box_loss   cls_loss    l1_loss  Instances       Size
     3/5000      14.6G       1.63      1.353   0.005485         20       1280: 100% ━━━━━━━━━━━━ 349/349 2.6it/s 2:14
                 Class     Images  Instances      Box(P          R      mAP50  mAP50-95): 100% ━━━━━━━━━━━━ 26/26 8.0it/s 3.3s
                   all        256       2566      0.487      0.421      0.445      0.247

      Epoch    GPU_mem   box_loss   cls_loss    l1_loss  Instances       Size
     4/5000        15G      1.693      1.214    0.00568         19       1280: 100% ━━━━━━━━━━━━ 349/349 3.3it/s 1:46
                 Class     Images  Instances      Box(P          R      mAP50  mAP50-95): 100% ━━━━━━━━━━━━ 26/26 7.9it/s 3.3s
                   all        256       2566      0.524      0.368      0.389       0.22

      Epoch    GPU_mem   box_loss   cls_loss    l1_loss  Instances       Size
     5/5000      14.9G      1.711      1.188   0.005972         26       1280: 100% ━━━━━━━━━━━━ 349/349 2.8it/s 2:05
                 Class     Images  Instances      Box(P          R      mAP50  mAP50-95): 100% ━━━━━━━━━━━━ 26/26 8.0it/s 3.3s
                   all        256       2566      0.327      0.449      0.404      0.235

      Epoch    GPU_mem   box_loss   cls_loss    l1_loss  Instances       Size
     6/5000      14.7G      1.709      1.181   0.005988        100       1280: 100% ━━━━━━━━━━━━ 349/349 3.3it/s 1:45
                 Class     Images  Instances      Box(P          R      mAP50  mAP50-95): 100% ━━━━━━━━━━━━ 26/26 8.0it/s 3.2s
                   all        256       2566      0.547      0.432      0.419      0.234

      Epoch    GPU_mem   box_loss   cls_loss    l1_loss  Instances       Size
     7/5000      14.6G      1.711      1.115   0.006006         56       1280: 100% ━━━━━━━━━━━━ 349/349 3.3it/s 1:45
                 Class     Images  Instances      Box(P          R      mAP50  mAP50-95): 100% ━━━━━━━━━━━━ 26/26 7.3it/s 3.6s
                   all        256       2566      0.642      0.388      0.411      0.238

      Epoch    GPU_mem   box_loss   cls_loss    l1_loss  Instances       Size
     8/5000        15G      1.686      1.055   0.005767         51       1280: 100% ━━━━━━━━━━━━ 349/349 3.3it/s 1:45
                 Class     Images  Instances      Box(P          R      mAP50  mAP50-95): 100% ━━━━━━━━━━━━ 26/26 8.0it/s 3.2s
                   all        256       2566      0.583      0.385      0.439       0.22

      Epoch    GPU_mem   box_loss   cls_loss    l1_loss  Instances       Size
     9/5000      14.6G      1.684      1.043   0.005809         38       1280: 100% ━━━━━━━━━━━━ 349/349 3.3it/s 1:44
                 Class     Images  Instances      Box(P          R      mAP50  mAP50-95): 100% ━━━━━━━━━━━━ 26/26 8.0it/s 3.3s
                   all        256       2566      0.584      0.372      0.407      0.215

      Epoch    GPU_mem   box_loss   cls_loss    l1_loss  Instances       Size
    10/5000      14.5G      1.661     0.9801   0.005702         42       1280: 100% ━━━━━━━━━━━━ 349/349 3.3it/s 1:45
                 Class     Images  Instances      Box(P          R      mAP50  mAP50-95): 100% ━━━━━━━━━━━━ 26/26 8.0it/s 3.2s
                   all        256       2566      0.561      0.422      0.456      0.254

      Epoch    GPU_mem   box_loss   cls_loss    l1_loss  Instances       Size
    11/5000      14.9G      1.655     0.9268   0.005591         37       1280: 100% ━━━━━━━━━━━━ 349/349 3.3it/s 1:45
                 Class     Images  Instances      Box(P          R      mAP50  mAP50-95): 100% ━━━━━━━━━━━━ 26/26 8.0it/s 3.3s
                   all        256       2566      0.562      0.421      0.457      0.253

      Epoch    GPU_mem   box_loss   cls_loss    l1_loss  Instances       Size
    12/5000      14.6G      1.613     0.8849   0.005363         57       1280: 100% ━━━━━━━━━━━━ 349/349 3.3it/s 1:45
                 Class     Images  Instances      Box(P          R      mAP50  mAP50-95): 100% ━━━━━━━━━━━━ 26/26 8.0it/s 3.3s
                   all        256       2566      0.621      0.412      0.461      0.269

      Epoch    GPU_mem   box_loss   cls_loss    l1_loss  Instances       Size
    13/5000      14.5G      1.608     0.8652   0.005202         61       1280: 100% ━━━━━━━━━━━━ 349/349 3.3it/s 1:45
                 Class     Images  Instances      Box(P          R      mAP50  mAP50-95): 100% ━━━━━━━━━━━━ 26/26 8.0it/s 3.2s
                   all        256       2566      0.602      0.411      0.436      0.262

      Epoch    GPU_mem   box_loss   cls_loss    l1_loss  Instances       Size
    14/5000        15G      1.591     0.8404   0.005125         20       1280: 100% ━━━━━━━━━━━━ 349/349 3.3it/s 1:45
                 Class     Images  Instances      Box(P          R      mAP50  mAP50-95): 100% ━━━━━━━━━━━━ 26/26 8.0it/s 3.3s
                   all        256       2566      0.671      0.409      0.478      0.268

      Epoch    GPU_mem   box_loss   cls_loss    l1_loss  Instances       Size
    15/5000      14.6G      1.574     0.8438   0.005151         40       1280: 100% ━━━━━━━━━━━━ 349/349 3.3it/s 1:45
                 Class     Images  Instances      Box(P          R      mAP50  mAP50-95): 100% ━━━━━━━━━━━━ 26/26 8.0it/s 3.2s
                   all        256       2566      0.652       0.44       0.47      0.269

      Epoch    GPU_mem   box_loss   cls_loss    l1_loss  Instances       Size
    16/5000      14.6G      1.564      0.813   0.005073         24       1280: 100% ━━━━━━━━━━━━ 349/349 3.3it/s 1:45
                 Class     Images  Instances      Box(P          R      mAP50  mAP50-95): 100% ━━━━━━━━━━━━ 26/26 8.0it/s 3.2s
                   all        256       2566      0.728      0.417      0.456      0.271

      Epoch    GPU_mem   box_loss   cls_loss    l1_loss  Instances       Size
    17/5000        15G      1.565     0.8266   0.005123         40       1280: 100% ━━━━━━━━━━━━ 349/349 3.3it/s 1:45
                 Class     Images  Instances      Box(P          R      mAP50  mAP50-95): 100% ━━━━━━━━━━━━ 26/26 8.0it/s 3.3s
                   all        256       2566      0.564      0.421       0.43      0.259

      Epoch    GPU_mem   box_loss   cls_loss    l1_loss  Instances       Size
    18/5000      14.5G      1.559      0.797   0.004914         26       1280: 100% ━━━━━━━━━━━━ 349/349 3.3it/s 1:45
                 Class     Images  Instances      Box(P          R      mAP50  mAP50-95): 100% ━━━━━━━━━━━━ 26/26 8.0it/s 3.2s
                   all        256       2566      0.602      0.452      0.475      0.267

      Epoch    GPU_mem   box_loss   cls_loss    l1_loss  Instances       Size
    19/5000      14.5G      1.547     0.7691   0.004895         57       1280: 100% ━━━━━━━━━━━━ 349/349 3.3it/s 1:45
                 Class     Images  Instances      Box(P          R      mAP50  mAP50-95): 100% ━━━━━━━━━━━━ 26/26 8.0it/s 3.2s
                   all        256       2566      0.678      0.418      0.474      0.273

      Epoch    GPU_mem   box_loss   cls_loss    l1_loss  Instances       Size
    20/5000        15G      1.528     0.7467   0.004847         56       1280: 100% ━━━━━━━━━━━━ 349/349 3.3it/s 1:45
                 Class     Images  Instances      Box(P          R      mAP50  mAP50-95): 100% ━━━━━━━━━━━━ 26/26 8.0it/s 3.3s
                   all        256       2566      0.595      0.458      0.486        0.3

      Epoch    GPU_mem   box_loss   cls_loss    l1_loss  Instances       Size
    21/5000      14.5G      1.531     0.7394   0.004937         23       1280: 100% ━━━━━━━━━━━━ 349/349 3.3it/s 1:45
                 Class     Images  Instances      Box(P          R      mAP50  mAP50-95): 100% ━━━━━━━━━━━━ 26/26 8.0it/s 3.2s
                   all        256       2566      0.603      0.441      0.479       0.27

      Epoch    GPU_mem   box_loss   cls_loss    l1_loss  Instances       Size
    22/5000      14.6G      1.521     0.7155   0.004852         38       1280: 100% ━━━━━━━━━━━━ 349/349 3.3it/s 1:45
                 Class     Images  Instances      Box(P          R      mAP50  mAP50-95): 100% ━━━━━━━━━━━━ 26/26 8.0it/s 3.2s
                   all        256       2566      0.556      0.448      0.461      0.262

      Epoch    GPU_mem   box_loss   cls_loss    l1_loss  Instances       Size
    23/5000      14.9G      1.518     0.6964   0.004704         36       1280: 100% ━━━━━━━━━━━━ 349/349 3.3it/s 1:45
                 Class     Images  Instances      Box(P          R      mAP50  mAP50-95): 100% ━━━━━━━━━━━━ 26/26 8.0it/s 3.3s
                   all        256       2566      0.673       0.45       0.48      0.273

      Epoch    GPU_mem   box_loss   cls_loss    l1_loss  Instances       Size
    24/5000      14.8G      1.496     0.6933   0.004676         50       1280: 100% ━━━━━━━━━━━━ 349/349 3.3it/s 1:45
                 Class     Images  Instances      Box(P          R      mAP50  mAP50-95): 100% ━━━━━━━━━━━━ 26/26 8.0it/s 3.3s
                   all        256       2566      0.654      0.463      0.492      0.281

      Epoch    GPU_mem   box_loss   cls_loss    l1_loss  Instances       Size
    25/5000      14.6G      1.499     0.7019   0.004722         33       1280: 100% ━━━━━━━━━━━━ 349/349 3.3it/s 1:45
                 Class     Images  Instances      Box(P          R      mAP50  mAP50-95): 100% ━━━━━━━━━━━━ 26/26 8.0it/s 3.2s
                   all        256       2566      0.746      0.444      0.487      0.294

      Epoch    GPU_mem   box_loss   cls_loss    l1_loss  Instances       Size
    26/5000        15G      1.507     0.6947   0.004677         26       1280: 100% ━━━━━━━━━━━━ 349/349 3.3it/s 1:45
                 Class     Images  Instances      Box(P          R      mAP50  mAP50-95): 100% ━━━━━━━━━━━━ 26/26 8.0it/s 3.3s
                   all        256       2566      0.668       0.41      0.441      0.244

      Epoch    GPU_mem   box_loss   cls_loss    l1_loss  Instances       Size
    27/5000      14.6G      1.496     0.6891   0.004569         25       1280: 100% ━━━━━━━━━━━━ 349/349 3.3it/s 1:45
                 Class     Images  Instances      Box(P          R      mAP50  mAP50-95): 100% ━━━━━━━━━━━━ 26/26 8.0it/s 3.3s
                   all        256       2566      0.735      0.441      0.486      0.291

      Epoch    GPU_mem   box_loss   cls_loss    l1_loss  Instances       Size
    28/5000      14.6G      1.473      0.653   0.004452         37       1280: 100% ━━━━━━━━━━━━ 349/349 3.3it/s 1:45
                 Class     Images  Instances      Box(P          R      mAP50  mAP50-95): 100% ━━━━━━━━━━━━ 26/26 8.0it/s 3.2s
                   all        256       2566      0.639       0.49      0.496      0.289

      Epoch    GPU_mem   box_loss   cls_loss    l1_loss  Instances       Size
    29/5000      14.9G      1.466     0.6673   0.004626         30       1280: 100% ━━━━━━━━━━━━ 349/349 3.3it/s 1:45
                 Class     Images  Instances      Box(P          R      mAP50  mAP50-95): 100% ━━━━━━━━━━━━ 26/26 8.0it/s 3.2s
                   all        256       2566      0.581      0.463      0.484      0.303

      Epoch    GPU_mem   box_loss   cls_loss    l1_loss  Instances       Size
    30/5000      14.5G      1.468     0.6457   0.004587         48       1280: 100% ━━━━━━━━━━━━ 349/349 3.3it/s 1:45
                 Class     Images  Instances      Box(P          R      mAP50  mAP50-95): 100% ━━━━━━━━━━━━ 26/26 8.0it/s 3.2s
                   all        256       2566      0.762      0.442      0.495      0.293

      Epoch    GPU_mem   box_loss   cls_loss    l1_loss  Instances       Size
    31/5000      14.6G      1.462     0.6354   0.004366         16       1280: 100% ━━━━━━━━━━━━ 349/349 3.3it/s 1:45
                 Class     Images  Instances      Box(P          R      mAP50  mAP50-95): 100% ━━━━━━━━━━━━ 26/26 8.0it/s 3.2s
                   all        256       2566      0.583      0.519      0.529       0.32

      Epoch    GPU_mem   box_loss   cls_loss    l1_loss  Instances       Size
    32/5000      14.9G      1.469     0.6392   0.004599         32       1280: 100% ━━━━━━━━━━━━ 349/349 3.3it/s 1:45
                 Class     Images  Instances      Box(P          R      mAP50  mAP50-95): 100% ━━━━━━━━━━━━ 26/26 8.0it/s 3.2s
                   all        256       2566      0.645      0.477       0.51       0.31

      Epoch    GPU_mem   box_loss   cls_loss    l1_loss  Instances       Size
    33/5000      14.6G      1.453     0.6298   0.004418         40       1280: 100% ━━━━━━━━━━━━ 349/349 3.3it/s 1:45
                 Class     Images  Instances      Box(P          R      mAP50  mAP50-95): 100% ━━━━━━━━━━━━ 26/26 8.0it/s 3.2s
                   all        256       2566      0.621      0.434      0.487      0.301

      Epoch    GPU_mem   box_loss   cls_loss    l1_loss  Instances       Size
    34/5000      14.6G      1.456     0.6144   0.004404         21       1280: 100% ━━━━━━━━━━━━ 349/349 3.3it/s 1:45
                 Class     Images  Instances      Box(P          R      mAP50  mAP50-95): 100% ━━━━━━━━━━━━ 26/26 8.0it/s 3.2s
                   all        256       2566      0.627      0.469      0.516      0.318

      Epoch    GPU_mem   box_loss   cls_loss    l1_loss  Instances       Size
    35/5000      14.9G      1.441     0.6105   0.004356         16       1280: 100% ━━━━━━━━━━━━ 349/349 3.3it/s 1:45
                 Class     Images  Instances      Box(P          R      mAP50  mAP50-95): 100% ━━━━━━━━━━━━ 26/26 8.0it/s 3.3s
                   all        256       2566      0.624      0.495      0.516      0.327

      Epoch    GPU_mem   box_loss   cls_loss    l1_loss  Instances       Size
    36/5000      14.6G      1.435     0.5973    0.00431         18       1280: 100% ━━━━━━━━━━━━ 349/349 3.3it/s 1:45
                 Class     Images  Instances      Box(P          R      mAP50  mAP50-95): 100% ━━━━━━━━━━━━ 26/26 8.0it/s 3.3s
                   all        256       2566      0.716       0.49      0.518      0.309

      Epoch    GPU_mem   box_loss   cls_loss    l1_loss  Instances       Size
    37/5000      14.6G      1.422     0.6025   0.004405         25       1280: 100% ━━━━━━━━━━━━ 349/349 3.3it/s 1:45
                 Class     Images  Instances      Box(P          R      mAP50  mAP50-95): 100% ━━━━━━━━━━━━ 26/26 8.0it/s 3.2s
                   all        256       2566      0.605      0.454      0.527      0.331

      Epoch    GPU_mem   box_loss   cls_loss    l1_loss  Instances       Size
    38/5000        15G      1.404     0.5777   0.004105         43       1280: 100% ━━━━━━━━━━━━ 349/349 3.3it/s 1:45
                 Class     Images  Instances      Box(P          R      mAP50  mAP50-95): 100% ━━━━━━━━━━━━ 26/26 8.0it/s 3.3s
                   all        256       2566      0.704       0.48      0.539      0.339

      Epoch    GPU_mem   box_loss   cls_loss    l1_loss  Instances       Size
    39/5000      14.5G      1.418     0.5851   0.004281         22       1280: 100% ━━━━━━━━━━━━ 349/349 3.3it/s 1:45
                 Class     Images  Instances      Box(P          R      mAP50  mAP50-95): 100% ━━━━━━━━━━━━ 26/26 8.0it/s 3.2s
                   all        256       2566      0.669      0.487      0.502      0.292

      Epoch    GPU_mem   box_loss   cls_loss    l1_loss  Instances       Size
    40/5000      14.6G      1.407     0.5604   0.004194         61       1280: 100% ━━━━━━━━━━━━ 349/349 3.3it/s 1:45
                 Class     Images  Instances      Box(P          R      mAP50  mAP50-95): 100% ━━━━━━━━━━━━ 26/26 8.1it/s 3.2s
                   all        256       2566      0.755      0.463      0.533      0.345

      Epoch    GPU_mem   box_loss   cls_loss    l1_loss  Instances       Size
    41/5000        15G      1.416     0.5535   0.004155         70       1280: 100% ━━━━━━━━━━━━ 349/349 3.3it/s 1:45
                 Class     Images  Instances      Box(P          R      mAP50  mAP50-95): 100% ━━━━━━━━━━━━ 26/26 8.0it/s 3.3s
                   all        256       2566      0.756      0.469      0.531      0.322

      Epoch    GPU_mem   box_loss   cls_loss    l1_loss  Instances       Size
    42/5000      14.6G      1.401     0.5695   0.004161          3       1280: 100% ━━━━━━━━━━━━ 349/349 3.3it/s 1:44
                 Class     Images  Instances      Box(P          R      mAP50  mAP50-95): 100% ━━━━━━━━━━━━ 26/26 8.0it/s 3.2s
                   all        256       2566      0.771      0.478      0.526      0.326

      Epoch    GPU_mem   box_loss   cls_loss    l1_loss  Instances       Size
    43/5000      14.6G      1.403     0.5654   0.004154         20       1280: 100% ━━━━━━━━━━━━ 349/349 3.3it/s 1:45
                 Class     Images  Instances      Box(P          R      mAP50  mAP50-95): 100% ━━━━━━━━━━━━ 26/26 8.1it/s 3.2s
                   all        256       2566       0.74      0.463       0.51      0.317

      Epoch    GPU_mem   box_loss   cls_loss    l1_loss  Instances       Size
    44/5000        15G       1.38     0.5465   0.004084         27       1280: 100% ━━━━━━━━━━━━ 349/349 3.3it/s 1:45
                 Class     Images  Instances      Box(P          R      mAP50  mAP50-95): 100% ━━━━━━━━━━━━ 26/26 8.0it/s 3.3s
                   all        256       2566      0.723      0.522      0.565      0.357

      Epoch    GPU_mem   box_loss   cls_loss    l1_loss  Instances       Size
    45/5000      14.6G       1.39     0.5408   0.004052         35       1280: 100% ━━━━━━━━━━━━ 349/349 3.3it/s 1:45
                 Class     Images  Instances      Box(P          R      mAP50  mAP50-95): 100% ━━━━━━━━━━━━ 26/26 8.0it/s 3.2s
                   all        256       2566      0.629      0.536      0.558       0.37

      Epoch    GPU_mem   box_loss   cls_loss    l1_loss  Instances       Size
    46/5000      14.6G      1.378     0.5411   0.004021         80       1280: 100% ━━━━━━━━━━━━ 349/349 3.3it/s 1:44
                 Class     Images  Instances      Box(P          R      mAP50  mAP50-95): 100% ━━━━━━━━━━━━ 26/26 8.0it/s 3.2s
                   all        256       2566      0.742      0.507      0.563       0.36

      Epoch    GPU_mem   box_loss   cls_loss    l1_loss  Instances       Size
    47/5000      14.9G       1.38     0.5413   0.003963         16       1280: 100% ━━━━━━━━━━━━ 349/349 3.3it/s 1:45
                 Class     Images  Instances      Box(P          R      mAP50  mAP50-95): 100% ━━━━━━━━━━━━ 26/26 8.0it/s 3.2s
                   all        256       2566      0.728      0.492      0.536      0.336

      Epoch    GPU_mem   box_loss   cls_loss    l1_loss  Instances       Size
    48/5000      14.6G      1.386     0.5321   0.003864         44       1280: 100% ━━━━━━━━━━━━ 349/349 3.3it/s 1:44
                 Class     Images  Instances      Box(P          R      mAP50  mAP50-95): 100% ━━━━━━━━━━━━ 26/26 8.0it/s 3.2s
                   all        256       2566      0.731      0.507      0.549      0.344

      Epoch    GPU_mem   box_loss   cls_loss    l1_loss  Instances       Size
    49/5000      14.6G      1.349     0.5085   0.003938         29       1280: 100% ━━━━━━━━━━━━ 349/349 3.3it/s 1:45
                 Class     Images  Instances      Box(P          R      mAP50  mAP50-95): 100% ━━━━━━━━━━━━ 26/26 8.0it/s 3.2s
                   all        256       2566      0.731      0.475      0.546      0.346

      Epoch    GPU_mem   box_loss   cls_loss    l1_loss  Instances       Size
    50/5000      14.9G      1.366     0.5269   0.003888         27       1280: 100% ━━━━━━━━━━━━ 349/349 3.3it/s 1:45
                 Class     Images  Instances      Box(P          R      mAP50  mAP50-95): 100% ━━━━━━━━━━━━ 26/26 8.0it/s 3.3s
                   all        256       2566      0.643      0.519      0.561      0.347

      Epoch    GPU_mem   box_loss   cls_loss    l1_loss  Instances       Size
    51/5000      14.6G      1.366     0.5087   0.003916         36       1280: 100% ━━━━━━━━━━━━ 349/349 3.3it/s 1:45
                 Class     Images  Instances      Box(P          R      mAP50  mAP50-95): 100% ━━━━━━━━━━━━ 26/26 8.0it/s 3.2s
                   all        256       2566      0.586      0.502      0.522      0.323

      Epoch    GPU_mem   box_loss   cls_loss    l1_loss  Instances       Size
    52/5000      14.5G       1.36     0.5007   0.003894         50       1280: 100% ━━━━━━━━━━━━ 349/349 3.3it/s 1:45
                 Class     Images  Instances      Box(P          R      mAP50  mAP50-95): 100% ━━━━━━━━━━━━ 26/26 8.0it/s 3.2s
                   all        256       2566      0.747      0.504      0.552      0.333

      Epoch    GPU_mem   box_loss   cls_loss    l1_loss  Instances       Size
    53/5000      14.9G      1.348     0.4961   0.003786         17       1280: 100% ━━━━━━━━━━━━ 349/349 3.3it/s 1:45
                 Class     Images  Instances      Box(P          R      mAP50  mAP50-95): 100% ━━━━━━━━━━━━ 26/26 8.0it/s 3.2s
                   all        256       2566        0.7      0.504       0.55      0.333

      Epoch    GPU_mem   box_loss   cls_loss    l1_loss  Instances       Size
    54/5000      14.6G      1.345     0.4937   0.003846         30       1280: 100% ━━━━━━━━━━━━ 349/349 3.3it/s 1:45
                 Class     Images  Instances      Box(P          R      mAP50  mAP50-95): 100% ━━━━━━━━━━━━ 26/26 8.0it/s 3.2s
                   all        256       2566      0.656      0.468       0.53      0.325

      Epoch    GPU_mem   box_loss   cls_loss    l1_loss  Instances       Size
    55/5000      14.5G      1.335      0.488     0.0038         39       1280: 100% ━━━━━━━━━━━━ 349/349 3.3it/s 1:45
                 Class     Images  Instances      Box(P          R      mAP50  mAP50-95): 100% ━━━━━━━━━━━━ 26/26 8.0it/s 3.2s
                   all        256       2566      0.714      0.485      0.532      0.334

      Epoch    GPU_mem   box_loss   cls_loss    l1_loss  Instances       Size
    56/5000      14.9G      1.334     0.4901   0.003857         36       1280: 100% ━━━━━━━━━━━━ 349/349 3.3it/s 1:45
                 Class     Images  Instances      Box(P          R      mAP50  mAP50-95): 100% ━━━━━━━━━━━━ 26/26 8.0it/s 3.2s
                   all        256       2566      0.773      0.461      0.521       0.34

      Epoch    GPU_mem   box_loss   cls_loss    l1_loss  Instances       Size
    57/5000      14.6G      1.335     0.4846   0.003757         14       1280: 100% ━━━━━━━━━━━━ 349/349 3.3it/s 1:45
                 Class     Images  Instances      Box(P          R      mAP50  mAP50-95): 100% ━━━━━━━━━━━━ 26/26 8.0it/s 3.2s
                   all        256       2566      0.668      0.481      0.542      0.324

      Epoch    GPU_mem   box_loss   cls_loss    l1_loss  Instances       Size
    58/5000      14.6G      1.343     0.4834   0.003726         42       1280: 100% ━━━━━━━━━━━━ 349/349 3.3it/s 1:45
                 Class     Images  Instances      Box(P          R      mAP50  mAP50-95): 100% ━━━━━━━━━━━━ 26/26 8.0it/s 3.2s
                   all        256       2566      0.789      0.448      0.517      0.318

      Epoch    GPU_mem   box_loss   cls_loss    l1_loss  Instances       Size
    59/5000      14.9G      1.324     0.4714   0.003796         69       1280: 100% ━━━━━━━━━━━━ 349/349 3.3it/s 1:45
                 Class     Images  Instances      Box(P          R      mAP50  mAP50-95): 100% ━━━━━━━━━━━━ 26/26 8.0it/s 3.2s
                   all        256       2566      0.571      0.515      0.528      0.344

      Epoch    GPU_mem   box_loss   cls_loss    l1_loss  Instances       Size
    60/5000      14.6G      1.312     0.4738   0.003785         65       1280: 100% ━━━━━━━━━━━━ 349/349 3.3it/s 1:45
                 Class     Images  Instances      Box(P          R      mAP50  mAP50-95): 100% ━━━━━━━━━━━━ 26/26 8.0it/s 3.2s
                   all        256       2566      0.664      0.466      0.533      0.326

      Epoch    GPU_mem   box_loss   cls_loss    l1_loss  Instances       Size
    61/5000      14.5G      1.299      0.468   0.003626         31       1280: 100% ━━━━━━━━━━━━ 349/349 3.3it/s 1:45
                 Class     Images  Instances      Box(P          R      mAP50  mAP50-95): 100% ━━━━━━━━━━━━ 26/26 8.0it/s 3.2s
                   all        256       2566      0.677      0.481       0.54      0.329

      Epoch    GPU_mem   box_loss   cls_loss    l1_loss  Instances       Size
    62/5000      14.9G      1.298     0.4581   0.003699         38       1280: 100% ━━━━━━━━━━━━ 349/349 3.3it/s 1:45
                 Class     Images  Instances      Box(P          R      mAP50  mAP50-95): 100% ━━━━━━━━━━━━ 26/26 8.0it/s 3.3s
                   all        256       2566      0.695      0.492      0.546      0.341

      Epoch    GPU_mem   box_loss   cls_loss    l1_loss  Instances       Size
    63/5000      14.7G      1.299     0.4544   0.003572        112       1280: 100% ━━━━━━━━━━━━ 349/349 3.3it/s 1:44
                 Class     Images  Instances      Box(P          R      mAP50  mAP50-95): 100% ━━━━━━━━━━━━ 26/26 8.0it/s 3.2s
                   all        256       2566       0.63      0.499       0.55      0.347

      Epoch    GPU_mem   box_loss   cls_loss    l1_loss  Instances       Size
    64/5000      14.5G      1.308       0.46   0.003616         35       1280: 100% ━━━━━━━━━━━━ 349/349 3.3it/s 1:45
                 Class     Images  Instances      Box(P          R      mAP50  mAP50-95): 100% ━━━━━━━━━━━━ 26/26 8.1it/s 3.2s
                   all        256       2566      0.761      0.468      0.522      0.338

      Epoch    GPU_mem   box_loss   cls_loss    l1_loss  Instances       Size
    65/5000        15G      1.314     0.4624    0.00354         39       1280: 100% ━━━━━━━━━━━━ 349/349 3.3it/s 1:45
                 Class     Images  Instances      Box(P          R      mAP50  mAP50-95): 100% ━━━━━━━━━━━━ 26/26 8.0it/s 3.2s
                   all        256       2566      0.689      0.464       0.53      0.345

      Epoch    GPU_mem   box_loss   cls_loss    l1_loss  Instances       Size
    66/5000      14.6G      1.304     0.4427   0.003489         22       1280: 100% ━━━━━━━━━━━━ 349/349 3.3it/s 1:45
                 Class     Images  Instances      Box(P          R      mAP50  mAP50-95): 100% ━━━━━━━━━━━━ 26/26 8.0it/s 3.2s
                   all        256       2566      0.676      0.495      0.557      0.346

      Epoch    GPU_mem   box_loss   cls_loss    l1_loss  Instances       Size
    67/5000      14.5G      1.274     0.4494   0.003522         52       1280: 100% ━━━━━━━━━━━━ 349/349 3.3it/s 1:45
                 Class     Images  Instances      Box(P          R      mAP50  mAP50-95): 100% ━━━━━━━━━━━━ 26/26 8.1it/s 3.2s
                   all        256       2566      0.709      0.469      0.545       0.34

      Epoch    GPU_mem   box_loss   cls_loss    l1_loss  Instances       Size
    68/5000      14.9G      1.277     0.4419   0.003557         19       1280: 100% ━━━━━━━━━━━━ 349/349 3.3it/s 1:45
                 Class     Images  Instances      Box(P          R      mAP50  mAP50-95): 100% ━━━━━━━━━━━━ 26/26 8.0it/s 3.2s
                   all        256       2566      0.775      0.497      0.555      0.353

      Epoch    GPU_mem   box_loss   cls_loss    l1_loss  Instances       Size
    69/5000      14.6G      1.297     0.4402   0.003454         76       1280: 100% ━━━━━━━━━━━━ 349/349 3.3it/s 1:44
                 Class     Images  Instances      Box(P          R      mAP50  mAP50-95): 100% ━━━━━━━━━━━━ 26/26 8.0it/s 3.2s
                   all        256       2566      0.627      0.552      0.564      0.357

      Epoch    GPU_mem   box_loss   cls_loss    l1_loss  Instances       Size
    70/5000      14.6G      1.271     0.4406   0.003454         48       1280: 100% ━━━━━━━━━━━━ 349/349 3.3it/s 1:45
                 Class     Images  Instances      Box(P          R      mAP50  mAP50-95): 100% ━━━━━━━━━━━━ 26/26 8.0it/s 3.2s
                   all        256       2566      0.785      0.466      0.544      0.342

      Epoch    GPU_mem   box_loss   cls_loss    l1_loss  Instances       Size
    71/5000        15G      1.254     0.4268   0.003508         22       1280: 100% ━━━━━━━━━━━━ 349/349 3.3it/s 1:45
                 Class     Images  Instances      Box(P          R      mAP50  mAP50-95): 100% ━━━━━━━━━━━━ 26/26 8.0it/s 3.2s
                   all        256       2566      0.775      0.454      0.537      0.348

      Epoch    GPU_mem   box_loss   cls_loss    l1_loss  Instances       Size
    72/5000      14.6G      1.268     0.4243   0.003446         44       1280: 100% ━━━━━━━━━━━━ 349/349 3.3it/s 1:45
                 Class     Images  Instances      Box(P          R      mAP50  mAP50-95): 100% ━━━━━━━━━━━━ 26/26 8.0it/s 3.2s
                   all        256       2566      0.694      0.477      0.542      0.343

      Epoch    GPU_mem   box_loss   cls_loss    l1_loss  Instances       Size
    73/5000      14.6G       1.27     0.4291   0.003552         38       1280: 100% ━━━━━━━━━━━━ 349/349 3.3it/s 1:45
                 Class     Images  Instances      Box(P          R      mAP50  mAP50-95): 100% ━━━━━━━━━━━━ 26/26 8.0it/s 3.2s
                   all        256       2566      0.705      0.481      0.544      0.346

      Epoch    GPU_mem   box_loss   cls_loss    l1_loss  Instances       Size
    74/5000      14.9G      1.265     0.4191   0.003449         35       1280: 100% ━━━━━━━━━━━━ 349/349 3.3it/s 1:45
                 Class     Images  Instances      Box(P          R      mAP50  mAP50-95): 100% ━━━━━━━━━━━━ 26/26 8.0it/s 3.2s
                   all        256       2566      0.686      0.466       0.54       0.35

      Epoch    GPU_mem   box_loss   cls_loss    l1_loss  Instances       Size
    75/5000      14.6G      1.257     0.4187   0.003332         31       1280: 100% ━━━━━━━━━━━━ 349/349 3.3it/s 1:45
                 Class     Images  Instances      Box(P          R      mAP50  mAP50-95): 100% ━━━━━━━━━━━━ 26/26 8.0it/s 3.2s
                   all        256       2566      0.787      0.459      0.545       0.35

      Epoch    GPU_mem   box_loss   cls_loss    l1_loss  Instances       Size
    76/5000      14.5G      1.256     0.4157    0.00344         34       1280: 100% ━━━━━━━━━━━━ 349/349 3.3it/s 1:45
                 Class     Images  Instances      Box(P          R      mAP50  mAP50-95): 100% ━━━━━━━━━━━━ 26/26 8.1it/s 3.2s
                   all        256       2566      0.715      0.466      0.556      0.369

      Epoch    GPU_mem   box_loss   cls_loss    l1_loss  Instances       Size
    77/5000        15G      1.234     0.4064    0.00333         24       1280: 100% ━━━━━━━━━━━━ 349/349 3.3it/s 1:45
                 Class     Images  Instances      Box(P          R      mAP50  mAP50-95): 100% ━━━━━━━━━━━━ 26/26 8.0it/s 3.2s
                   all        256       2566      0.689      0.518      0.566      0.368

      Epoch    GPU_mem   box_loss   cls_loss    l1_loss  Instances       Size
    78/5000      14.5G      1.253     0.4165   0.003282         23       1280: 100% ━━━━━━━━━━━━ 349/349 3.3it/s 1:45
                 Class     Images  Instances      Box(P          R      mAP50  mAP50-95): 100% ━━━━━━━━━━━━ 26/26 8.0it/s 3.2s
                   all        256       2566      0.781       0.52      0.568       0.37

      Epoch    GPU_mem   box_loss   cls_loss    l1_loss  Instances       Size
    79/5000      14.6G      1.247     0.4059   0.003402         23       1280: 100% ━━━━━━━━━━━━ 349/349 3.3it/s 1:45
                 Class     Images  Instances      Box(P          R      mAP50  mAP50-95): 100% ━━━━━━━━━━━━ 26/26 8.0it/s 3.2s
                   all        256       2566      0.775      0.531       0.57      0.377

      Epoch    GPU_mem   box_loss   cls_loss    l1_loss  Instances       Size
    80/5000      14.9G      1.233     0.4051   0.003315         10       1280: 100% ━━━━━━━━━━━━ 349/349 3.3it/s 1:45
                 Class     Images  Instances      Box(P          R      mAP50  mAP50-95): 100% ━━━━━━━━━━━━ 26/26 8.0it/s 3.2s
                   all        256       2566       0.77      0.533      0.567       0.37

      Epoch    GPU_mem   box_loss   cls_loss    l1_loss  Instances       Size
    81/5000      14.6G      1.236     0.3906   0.003326         37       1280: 100% ━━━━━━━━━━━━ 349/349 3.3it/s 1:45
                 Class     Images  Instances      Box(P          R      mAP50  mAP50-95): 100% ━━━━━━━━━━━━ 26/26 8.1it/s 3.2s
                   all        256       2566      0.779      0.532      0.567      0.371

      Epoch    GPU_mem   box_loss   cls_loss    l1_loss  Instances       Size
    82/5000      14.5G      1.226     0.3928    0.00333         76       1280: 100% ━━━━━━━━━━━━ 349/349 3.3it/s 1:45
                 Class     Images  Instances      Box(P          R      mAP50  mAP50-95): 100% ━━━━━━━━━━━━ 26/26 8.1it/s 3.2s
                   all        256       2566      0.782      0.472      0.558      0.357

      Epoch    GPU_mem   box_loss   cls_loss    l1_loss  Instances       Size
    83/5000      15.1G      1.228     0.3962   0.003309         48       1280: 100% ━━━━━━━━━━━━ 349/349 3.2it/s 1:49
                 Class     Images  Instances      Box(P          R      mAP50  mAP50-95): 100% ━━━━━━━━━━━━ 26/26 8.0it/s 3.3s
                   all        256       2566      0.795      0.517      0.578      0.372

      Epoch    GPU_mem   box_loss   cls_loss    l1_loss  Instances       Size
    84/5000      14.6G      1.218     0.3935   0.003277         47       1280: 100% ━━━━━━━━━━━━ 349/349 3.3it/s 1:45
                 Class     Images  Instances      Box(P          R      mAP50  mAP50-95): 100% ━━━━━━━━━━━━ 26/26 8.1it/s 3.2s
                   all        256       2566      0.797      0.509      0.569      0.363

      Epoch    GPU_mem   box_loss   cls_loss    l1_loss  Instances       Size
    85/5000      14.5G      1.219     0.3907   0.003183         21       1280: 100% ━━━━━━━━━━━━ 349/349 3.3it/s 1:45
                 Class     Images  Instances      Box(P          R      mAP50  mAP50-95): 100% ━━━━━━━━━━━━ 26/26 8.1it/s 3.2s
                   all        256       2566      0.799      0.476      0.556      0.359

      Epoch    GPU_mem   box_loss   cls_loss    l1_loss  Instances       Size
    86/5000        15G      1.219     0.3846   0.003183         25       1280: 100% ━━━━━━━━━━━━ 349/349 3.3it/s 1:45
                 Class     Images  Instances      Box(P          R      mAP50  mAP50-95): 100% ━━━━━━━━━━━━ 26/26 8.0it/s 3.2s
                   all        256       2566      0.772       0.47      0.546       0.35

      Epoch    GPU_mem   box_loss   cls_loss    l1_loss  Instances       Size
    87/5000      14.6G      1.218     0.3764   0.003162         46       1280: 100% ━━━━━━━━━━━━ 349/349 3.3it/s 1:44
                 Class     Images  Instances      Box(P          R      mAP50  mAP50-95): 100% ━━━━━━━━━━━━ 26/26 8.0it/s 3.2s
                   all        256       2566      0.779      0.472      0.538      0.352

      Epoch    GPU_mem   box_loss   cls_loss    l1_loss  Instances       Size
    88/5000      14.6G        1.2     0.3833   0.003124         17       1280: 100% ━━━━━━━━━━━━ 349/349 3.3it/s 1:45
                 Class     Images  Instances      Box(P          R      mAP50  mAP50-95): 100% ━━━━━━━━━━━━ 26/26 8.1it/s 3.2s
                   all        256       2566      0.767      0.484      0.512      0.333

      Epoch    GPU_mem   box_loss   cls_loss    l1_loss  Instances       Size
    89/5000        15G      1.198     0.3774    0.00314          9       1280: 100% ━━━━━━━━━━━━ 349/349 3.3it/s 1:45
                 Class     Images  Instances      Box(P          R      mAP50  mAP50-95): 100% ━━━━━━━━━━━━ 26/26 8.0it/s 3.3s
                   all        256       2566      0.781      0.478      0.542      0.349

      Epoch    GPU_mem   box_loss   cls_loss    l1_loss  Instances       Size
    90/5000      14.5G      1.221     0.3757   0.003087         34       1280: 100% ━━━━━━━━━━━━ 349/349 3.3it/s 1:45
                 Class     Images  Instances      Box(P          R      mAP50  mAP50-95): 100% ━━━━━━━━━━━━ 26/26 8.1it/s 3.2s
                   all        256       2566      0.766      0.487      0.539      0.344

      Epoch    GPU_mem   box_loss   cls_loss    l1_loss  Instances       Size
    91/5000      14.6G      1.189     0.3745   0.003126         18       1280: 100% ━━━━━━━━━━━━ 349/349 3.3it/s 1:45
                 Class     Images  Instances      Box(P          R      mAP50  mAP50-95): 100% ━━━━━━━━━━━━ 26/26 8.0it/s 3.2s
                   all        256       2566      0.814      0.467      0.549       0.35

      Epoch    GPU_mem   box_loss   cls_loss    l1_loss  Instances       Size
    92/5000      14.9G      1.199      0.373   0.003063         61       1280: 100% ━━━━━━━━━━━━ 349/349 3.3it/s 1:45
                 Class     Images  Instances      Box(P          R      mAP50  mAP50-95): 100% ━━━━━━━━━━━━ 26/26 8.0it/s 3.2s
                   all        256       2566      0.655      0.521      0.556      0.354

      Epoch    GPU_mem   box_loss   cls_loss    l1_loss  Instances       Size
    93/5000      14.6G      1.188     0.3661   0.003145         14       1280: 100% ━━━━━━━━━━━━ 349/349 3.3it/s 1:44
                 Class     Images  Instances      Box(P          R      mAP50  mAP50-95): 100% ━━━━━━━━━━━━ 26/26 8.0it/s 3.2s
                   all        256       2566       0.78      0.461      0.545      0.347

      Epoch    GPU_mem   box_loss   cls_loss    l1_loss  Instances       Size
    94/5000      14.5G      1.193     0.3694   0.003091         28       1280: 100% ━━━━━━━━━━━━ 349/349 3.3it/s 1:45
                 Class     Images  Instances      Box(P          R      mAP50  mAP50-95): 100% ━━━━━━━━━━━━ 26/26 8.0it/s 3.2s
                   all        256       2566      0.814      0.451      0.539      0.352

      Epoch    GPU_mem   box_loss   cls_loss    l1_loss  Instances       Size
    95/5000      14.9G        1.2     0.3784   0.003062         17       1280: 100% ━━━━━━━━━━━━ 349/349 3.3it/s 1:45
                 Class     Images  Instances      Box(P          R      mAP50  mAP50-95): 100% ━━━━━━━━━━━━ 26/26 8.0it/s 3.3s
                   all        256       2566      0.808      0.462      0.542      0.353

      Epoch    GPU_mem   box_loss   cls_loss    l1_loss  Instances       Size
    96/5000      14.5G      1.182     0.3645   0.003065         43       1280: 100% ━━━━━━━━━━━━ 349/349 3.3it/s 1:45
                 Class     Images  Instances      Box(P          R      mAP50  mAP50-95): 100% ━━━━━━━━━━━━ 26/26 8.0it/s 3.2s
                   all        256       2566      0.762      0.511      0.555      0.366

      Epoch    GPU_mem   box_loss   cls_loss    l1_loss  Instances       Size
    97/5000      14.5G      1.164     0.3581   0.003027         80       1280: 100% ━━━━━━━━━━━━ 349/349 3.3it/s 1:45
                 Class     Images  Instances      Box(P          R      mAP50  mAP50-95): 100% ━━━━━━━━━━━━ 26/26 8.1it/s 3.2s
                   all        256       2566      0.675      0.515      0.558      0.366

      Epoch    GPU_mem   box_loss   cls_loss    l1_loss  Instances       Size
    98/5000        15G       1.18     0.3651   0.003041         17       1280: 100% ━━━━━━━━━━━━ 349/349 3.3it/s 1:46
                 Class     Images  Instances      Box(P          R      mAP50  mAP50-95): 100% ━━━━━━━━━━━━ 26/26 8.0it/s 3.2s
                   all        256       2566      0.709      0.508      0.564      0.369

      Epoch    GPU_mem   box_loss   cls_loss    l1_loss  Instances       Size
    99/5000      14.6G      1.172     0.3634   0.002974         54       1280: 100% ━━━━━━━━━━━━ 349/349 3.3it/s 1:45
                 Class     Images  Instances      Box(P          R      mAP50  mAP50-95): 100% ━━━━━━━━━━━━ 26/26 8.0it/s 3.2s
                   all        256       2566      0.708      0.501      0.562      0.371

      Epoch    GPU_mem   box_loss   cls_loss    l1_loss  Instances       Size
   100/5000      14.6G      1.158     0.3528   0.002995         16       1280: 100% ━━━━━━━━━━━━ 349/349 3.3it/s 1:45
                 Class     Images  Instances      Box(P          R      mAP50  mAP50-95): 100% ━━━━━━━━━━━━ 26/26 8.1it/s 3.2s
                   all        256       2566      0.687      0.509       0.56      0.371

      Epoch    GPU_mem   box_loss   cls_loss    l1_loss  Instances       Size
   101/5000      14.9G      1.157     0.3449    0.00293         24       1280: 100% ━━━━━━━━━━━━ 349/349 3.3it/s 1:45
                 Class     Images  Instances      Box(P          R      mAP50  mAP50-95): 100% ━━━━━━━━━━━━ 26/26 8.0it/s 3.2s
                   all        256       2566      0.694      0.471      0.539       0.36

      Epoch    GPU_mem   box_loss   cls_loss    l1_loss  Instances       Size
   102/5000      14.6G      1.164     0.3546   0.002927         20       1280: 100% ━━━━━━━━━━━━ 349/349 3.3it/s 1:45
                 Class     Images  Instances      Box(P          R      mAP50  mAP50-95): 100% ━━━━━━━━━━━━ 26/26 8.0it/s 3.2s
                   all        256       2566      0.721       0.46      0.533      0.353

      Epoch    GPU_mem   box_loss   cls_loss    l1_loss  Instances       Size
   103/5000      14.6G      1.158     0.3406   0.002893         20       1280: 100% ━━━━━━━━━━━━ 349/349 3.3it/s 1:44
                 Class     Images  Instances      Box(P          R      mAP50  mAP50-95): 100% ━━━━━━━━━━━━ 26/26 8.1it/s 3.2s
                   all        256       2566      0.714      0.466      0.541      0.355

      Epoch    GPU_mem   box_loss   cls_loss    l1_loss  Instances       Size
   104/5000        15G      1.147     0.3414   0.002867         23       1280: 100% ━━━━━━━━━━━━ 349/349 3.3it/s 1:45
                 Class     Images  Instances      Box(P          R      mAP50  mAP50-95): 100% ━━━━━━━━━━━━ 26/26 8.0it/s 3.2s
                   all        256       2566      0.687      0.474      0.545      0.356

      Epoch    GPU_mem   box_loss   cls_loss    l1_loss  Instances       Size
   105/5000      14.6G      1.147     0.3411   0.002913         38       1280: 100% ━━━━━━━━━━━━ 349/349 3.3it/s 1:45
                 Class     Images  Instances      Box(P          R      mAP50  mAP50-95): 100% ━━━━━━━━━━━━ 26/26 8.0it/s 3.2s
                   all        256       2566      0.808      0.499      0.558      0.368

      Epoch    GPU_mem   box_loss   cls_loss    l1_loss  Instances       Size
   106/5000      14.5G      1.146     0.3417   0.002834         31       1280: 100% ━━━━━━━━━━━━ 349/349 3.3it/s 1:44
                 Class     Images  Instances      Box(P          R      mAP50  mAP50-95): 100% ━━━━━━━━━━━━ 26/26 8.1it/s 3.2s
                   all        256       2566      0.777      0.508      0.557      0.367

      Epoch    GPU_mem   box_loss   cls_loss    l1_loss  Instances       Size
   107/5000        15G      1.144     0.3376   0.002831         22       1280: 100% ━━━━━━━━━━━━ 349/349 3.3it/s 1:45
                 Class     Images  Instances      Box(P          R      mAP50  mAP50-95): 100% ━━━━━━━━━━━━ 26/26 8.0it/s 3.3s
                   all        256       2566      0.769      0.524      0.557      0.367

      Epoch    GPU_mem   box_loss   cls_loss    l1_loss  Instances       Size
   108/5000      14.6G      1.138     0.3289   0.002807         45       1280: 100% ━━━━━━━━━━━━ 349/349 3.3it/s 1:44
                 Class     Images  Instances      Box(P          R      mAP50  mAP50-95): 100% ━━━━━━━━━━━━ 26/26 8.1it/s 3.2s
                   all        256       2566      0.759       0.53      0.557      0.366

      Epoch    GPU_mem   box_loss   cls_loss    l1_loss  Instances       Size
   109/5000      14.7G      1.136     0.3295   0.002831         31       1280: 100% ━━━━━━━━━━━━ 349/349 3.3it/s 1:44
                 Class     Images  Instances      Box(P          R      mAP50  mAP50-95): 100% ━━━━━━━━━━━━ 26/26 8.1it/s 3.2s
                   all        256       2566      0.768      0.527      0.558      0.368

      Epoch    GPU_mem   box_loss   cls_loss    l1_loss  Instances       Size
   110/5000        15G      1.139     0.3276   0.002843         30       1280: 100% ━━━━━━━━━━━━ 349/349 3.3it/s 1:45
                 Class     Images  Instances      Box(P          R      mAP50  mAP50-95): 100% ━━━━━━━━━━━━ 26/26 8.0it/s 3.2s
                   all        256       2566      0.772      0.528      0.559      0.369

      Epoch    GPU_mem   box_loss   cls_loss    l1_loss  Instances       Size
   111/5000      14.5G      1.128     0.3369   0.002799         26       1280: 100% ━━━━━━━━━━━━ 349/349 3.3it/s 1:44
                 Class     Images  Instances      Box(P          R      mAP50  mAP50-95): 100% ━━━━━━━━━━━━ 26/26 8.1it/s 3.2s
                   all        256       2566      0.759      0.526      0.557      0.367

      Epoch    GPU_mem   box_loss   cls_loss    l1_loss  Instances       Size
   112/5000      14.6G      1.123     0.3355   0.002783         38       1280: 100% ━━━━━━━━━━━━ 349/349 3.3it/s 1:44
                 Class     Images  Instances      Box(P          R      mAP50  mAP50-95): 100% ━━━━━━━━━━━━ 26/26 8.1it/s 3.2s
                   all        256       2566      0.766      0.531      0.558      0.367

      Epoch    GPU_mem   box_loss   cls_loss    l1_loss  Instances       Size
   113/5000        15G      1.119      0.329   0.002823         27       1280: 100% ━━━━━━━━━━━━ 349/349 3.3it/s 1:45
                 Class     Images  Instances      Box(P          R      mAP50  mAP50-95): 100% ━━━━━━━━━━━━ 26/26 8.1it/s 3.2s
                   all        256       2566      0.764      0.528      0.558      0.368

      Epoch    GPU_mem   box_loss   cls_loss    l1_loss  Instances       Size
   114/5000      14.5G      1.128     0.3257   0.002728         35       1280: 100% ━━━━━━━━━━━━ 349/349 3.3it/s 1:44
                 Class     Images  Instances      Box(P          R      mAP50  mAP50-95): 100% ━━━━━━━━━━━━ 26/26 8.0it/s 3.2s
                   all        256       2566      0.766      0.528      0.557       0.37

      Epoch    GPU_mem   box_loss   cls_loss    l1_loss  Instances       Size
   115/5000      14.6G      1.116     0.3221   0.002735         24       1280: 100% ━━━━━━━━━━━━ 349/349 3.3it/s 1:45
                 Class     Images  Instances      Box(P          R      mAP50  mAP50-95): 100% ━━━━━━━━━━━━ 26/26 8.1it/s 3.2s
                   all        256       2566       0.76       0.53      0.557      0.367

      Epoch    GPU_mem   box_loss   cls_loss    l1_loss  Instances       Size
   116/5000      14.9G      1.113     0.3295    0.00271         23       1280: 100% ━━━━━━━━━━━━ 349/349 3.3it/s 1:45
                 Class     Images  Instances      Box(P          R      mAP50  mAP50-95): 100% ━━━━━━━━━━━━ 26/26 8.0it/s 3.2s
                   all        256       2566      0.733      0.496      0.543      0.355

      Epoch    GPU_mem   box_loss   cls_loss    l1_loss  Instances       Size
   117/5000      14.6G      1.108     0.3245    0.00274         30       1280: 100% ━━━━━━━━━━━━ 349/349 3.3it/s 1:44
                 Class     Images  Instances      Box(P          R      mAP50  mAP50-95): 100% ━━━━━━━━━━━━ 26/26 8.1it/s 3.2s
                   all        256       2566      0.756      0.487      0.544      0.353

      Epoch    GPU_mem   box_loss   cls_loss    l1_loss  Instances       Size
   118/5000      14.6G      1.108     0.3271    0.00266         30       1280: 100% ━━━━━━━━━━━━ 349/349 3.3it/s 1:45
                 Class     Images  Instances      Box(P          R      mAP50  mAP50-95): 100% ━━━━━━━━━━━━ 26/26 8.1it/s 3.2s
                   all        256       2566      0.754       0.49      0.536      0.341

      Epoch    GPU_mem   box_loss   cls_loss    l1_loss  Instances       Size
   119/5000        15G      1.109     0.3185   0.002662         40       1280: 100% ━━━━━━━━━━━━ 349/349 3.3it/s 1:45
                 Class     Images  Instances      Box(P          R      mAP50  mAP50-95): 100% ━━━━━━━━━━━━ 26/26 8.1it/s 3.2s
                   all        256       2566      0.761      0.492      0.536       0.34

      Epoch    GPU_mem   box_loss   cls_loss    l1_loss  Instances       Size
   120/5000      14.6G      1.115     0.3106   0.002662         28       1280: 100% ━━━━━━━━━━━━ 349/349 3.3it/s 1:44
                 Class     Images  Instances      Box(P          R      mAP50  mAP50-95): 100% ━━━━━━━━━━━━ 26/26 8.0it/s 3.2s
                   all        256       2566       0.75      0.494      0.535       0.34

      Epoch    GPU_mem   box_loss   cls_loss    l1_loss  Instances       Size
   121/5000      14.6G      1.083     0.3136   0.002681         23       1280: 100% ━━━━━━━━━━━━ 349/349 3.3it/s 1:45
                 Class     Images  Instances      Box(P          R      mAP50  mAP50-95): 100% ━━━━━━━━━━━━ 26/26 8.1it/s 3.2s
                   all        256       2566      0.786      0.467      0.534      0.338

      Epoch    GPU_mem   box_loss   cls_loss    l1_loss  Instances       Size
   122/5000        15G       1.09     0.3168   0.002662         56       1280: 100% ━━━━━━━━━━━━ 349/349 3.3it/s 1:45
                 Class     Images  Instances      Box(P          R      mAP50  mAP50-95): 100% ━━━━━━━━━━━━ 26/26 8.0it/s 3.3s
                   all        256       2566      0.783       0.47      0.535      0.338

      Epoch    GPU_mem   box_loss   cls_loss    l1_loss  Instances       Size
   123/5000      14.6G      1.092     0.3118   0.002646         19       1280: 100% ━━━━━━━━━━━━ 349/349 3.4it/s 1:43
                 Class     Images  Instances      Box(P          R      mAP50  mAP50-95): 100% ━━━━━━━━━━━━ 26/26 8.0it/s 3.2s
                   all        256       2566      0.778      0.471      0.534      0.338

      Epoch    GPU_mem   box_loss   cls_loss    l1_loss  Instances       Size
   124/5000      14.6G      1.099     0.3101   0.002633         31       1280: 100% ━━━━━━━━━━━━ 349/349 3.3it/s 1:45
                 Class     Images  Instances      Box(P          R      mAP50  mAP50-95): 100% ━━━━━━━━━━━━ 26/26 8.0it/s 3.2s
                   all        256       2566      0.731      0.498      0.533      0.338

      Epoch    GPU_mem   box_loss   cls_loss    l1_loss  Instances       Size
   125/5000      14.9G      1.087     0.3142     0.0026         55       1280: 100% ━━━━━━━━━━━━ 349/349 3.3it/s 1:45
                 Class     Images  Instances      Box(P          R      mAP50  mAP50-95): 100% ━━━━━━━━━━━━ 26/26 8.0it/s 3.2s
                   all        256       2566       0.73        0.5      0.537      0.341

      Epoch    GPU_mem   box_loss   cls_loss    l1_loss  Instances       Size
   126/5000      14.8G      1.086     0.3074   0.002554         30       1280: 100% ━━━━━━━━━━━━ 349/349 3.3it/s 1:45
                 Class     Images  Instances      Box(P          R      mAP50  mAP50-95): 100% ━━━━━━━━━━━━ 26/26 8.0it/s 3.2s
                   all        256       2566      0.735      0.496      0.537      0.338

      Epoch    GPU_mem   box_loss   cls_loss    l1_loss  Instances       Size
   127/5000      14.6G      1.085     0.3096   0.002537         17       1280: 100% ━━━━━━━━━━━━ 349/349 3.3it/s 1:45
                 Class     Images  Instances      Box(P          R      mAP50  mAP50-95): 100% ━━━━━━━━━━━━ 26/26 8.1it/s 3.2s
                   all        256       2566      0.768      0.472      0.536      0.338

      Epoch    GPU_mem   box_loss   cls_loss    l1_loss  Instances       Size
   128/5000        15G      1.082      0.305   0.002547         43       1280: 100% ━━━━━━━━━━━━ 349/349 3.3it/s 1:45
                 Class     Images  Instances      Box(P          R      mAP50  mAP50-95): 100% ━━━━━━━━━━━━ 26/26 8.0it/s 3.3s
                   all        256       2566      0.742      0.492      0.535      0.337

      Epoch    GPU_mem   box_loss   cls_loss    l1_loss  Instances       Size
   129/5000      14.6G      1.058     0.2971   0.002528         23       1280: 100% ━━━━━━━━━━━━ 349/349 3.3it/s 1:44
                 Class     Images  Instances      Box(P          R      mAP50  mAP50-95): 100% ━━━━━━━━━━━━ 26/26 8.0it/s 3.2s
                   all        256       2566      0.757      0.491      0.535      0.336

      Epoch    GPU_mem   box_loss   cls_loss    l1_loss  Instances       Size
   130/5000      14.6G      1.085      0.305   0.002509         12       1280: 100% ━━━━━━━━━━━━ 349/349 3.3it/s 1:45
                 Class     Images  Instances      Box(P          R      mAP50  mAP50-95): 100% ━━━━━━━━━━━━ 26/26 8.1it/s 3.2s
                   all        256       2566      0.745      0.494      0.542      0.341

      Epoch    GPU_mem   box_loss   cls_loss    l1_loss  Instances       Size
   131/5000        15G      1.052     0.2947   0.002505         60       1280: 100% ━━━━━━━━━━━━ 349/349 3.3it/s 1:45
                 Class     Images  Instances      Box(P          R      mAP50  mAP50-95): 100% ━━━━━━━━━━━━ 26/26 8.0it/s 3.2s
                   all        256       2566      0.739      0.496      0.541      0.339

      Epoch    GPU_mem   box_loss   cls_loss    l1_loss  Instances       Size
   132/5000      14.7G      1.064     0.3038   0.002455         46       1280: 100% ━━━━━━━━━━━━ 349/349 3.3it/s 1:45
                 Class     Images  Instances      Box(P          R      mAP50  mAP50-95): 100% ━━━━━━━━━━━━ 26/26 8.1it/s 3.2s
                   all        256       2566      0.753      0.494       0.54       0.34

      Epoch    GPU_mem   box_loss   cls_loss    l1_loss  Instances       Size
   133/5000      14.6G      1.073     0.2984   0.002467         19       1280: 100% ━━━━━━━━━━━━ 349/349 3.3it/s 1:45
                 Class     Images  Instances      Box(P          R      mAP50  mAP50-95): 100% ━━━━━━━━━━━━ 26/26 8.1it/s 3.2s
                   all        256       2566      0.749      0.491       0.54      0.342

      Epoch    GPU_mem   box_loss   cls_loss    l1_loss  Instances       Size
   134/5000      14.9G      1.065     0.2928   0.002467         22       1280: 100% ━━━━━━━━━━━━ 349/349 3.3it/s 1:45
                 Class     Images  Instances      Box(P          R      mAP50  mAP50-95): 100% ━━━━━━━━━━━━ 26/26 8.0it/s 3.2s
                   all        256       2566      0.747      0.489      0.537      0.343

      Epoch    GPU_mem   box_loss   cls_loss    l1_loss  Instances       Size
   135/5000      14.6G      1.065     0.2901   0.002445         44       1280: 100% ━━━━━━━━━━━━ 349/349 3.3it/s 1:45
                 Class     Images  Instances      Box(P          R      mAP50  mAP50-95): 100% ━━━━━━━━━━━━ 26/26 8.0it/s 3.2s
                   all        256       2566      0.749      0.489      0.536      0.339

      Epoch    GPU_mem   box_loss   cls_loss    l1_loss  Instances       Size
   136/5000      14.6G      1.071     0.2977   0.002492         58       1280: 100% ━━━━━━━━━━━━ 349/349 3.3it/s 1:44
                 Class     Images  Instances      Box(P          R      mAP50  mAP50-95): 100% ━━━━━━━━━━━━ 26/26 8.1it/s 3.2s
                   all        256       2566      0.747      0.488      0.535      0.338

      Epoch    GPU_mem   box_loss   cls_loss    l1_loss  Instances       Size
   137/5000        15G       1.04     0.2838   0.002416         17       1280: 100% ━━━━━━━━━━━━ 349/349 3.3it/s 1:45
                 Class     Images  Instances      Box(P          R      mAP50  mAP50-95): 100% ━━━━━━━━━━━━ 26/26 8.1it/s 3.2s
                   all        256       2566       0.75      0.488      0.536      0.339

      Epoch    GPU_mem   box_loss   cls_loss    l1_loss  Instances       Size
   138/5000      14.6G      1.044     0.2938   0.002398         11       1280: 100% ━━━━━━━━━━━━ 349/349 3.3it/s 1:45
                 Class     Images  Instances      Box(P          R      mAP50  mAP50-95): 100% ━━━━━━━━━━━━ 26/26 8.0it/s 3.2s
                   all        256       2566      0.745      0.486      0.535      0.339

      Epoch    GPU_mem   box_loss   cls_loss    l1_loss  Instances       Size
   139/5000      14.5G      1.057     0.2958   0.002409         48       1280: 100% ━━━━━━━━━━━━ 349/349 3.3it/s 1:45
                 Class     Images  Instances      Box(P          R      mAP50  mAP50-95): 100% ━━━━━━━━━━━━ 26/26 8.1it/s 3.2s
                   all        256       2566      0.796      0.457      0.535      0.339

      Epoch    GPU_mem   box_loss   cls_loss    l1_loss  Instances       Size
   140/5000        15G      1.065     0.2926   0.002317          7       1280: 100% ━━━━━━━━━━━━ 349/349 3.3it/s 1:45
                 Class     Images  Instances      Box(P          R      mAP50  mAP50-95): 100% ━━━━━━━━━━━━ 26/26 8.0it/s 3.2s
                   all        256       2566      0.796      0.456      0.528      0.334

      Epoch    GPU_mem   box_loss   cls_loss    l1_loss  Instances       Size
   141/5000      14.6G      1.052     0.2848   0.002337         33       1280: 100% ━━━━━━━━━━━━ 349/349 3.3it/s 1:44
                 Class     Images  Instances      Box(P          R      mAP50  mAP50-95): 100% ━━━━━━━━━━━━ 26/26 8.0it/s 3.2s
                   all        256       2566        0.8      0.455      0.529      0.334

      Epoch    GPU_mem   box_loss   cls_loss    l1_loss  Instances       Size
   142/5000      14.6G      1.043     0.2845   0.002358         32       1280: 100% ━━━━━━━━━━━━ 349/349 3.3it/s 1:45
                 Class     Images  Instances      Box(P          R      mAP50  mAP50-95): 100% ━━━━━━━━━━━━ 26/26 8.1it/s 3.2s
                   all        256       2566      0.747      0.484      0.528      0.337

      Epoch    GPU_mem   box_loss   cls_loss    l1_loss  Instances       Size
   143/5000      14.9G      1.054     0.2937   0.002386         14       1280: 100% ━━━━━━━━━━━━ 349/349 3.3it/s 1:45
                 Class     Images  Instances      Box(P          R      mAP50  mAP50-95): 100% ━━━━━━━━━━━━ 26/26 8.0it/s 3.2s
                   all        256       2566      0.749      0.483      0.528      0.337

      Epoch    GPU_mem   box_loss   cls_loss    l1_loss  Instances       Size
   144/5000      14.7G      1.042     0.2865   0.002298         23       1280: 100% ━━━━━━━━━━━━ 349/349 3.3it/s 1:44
                 Class     Images  Instances      Box(P          R      mAP50  mAP50-95): 100% ━━━━━━━━━━━━ 26/26 8.1it/s 3.2s
                   all        256       2566      0.751      0.482      0.529      0.338

      Epoch    GPU_mem   box_loss   cls_loss    l1_loss  Instances       Size
   145/5000      14.6G      1.032     0.2849   0.002345         33       1280: 100% ━━━━━━━━━━━━ 349/349 3.3it/s 1:44
                 Class     Images  Instances      Box(P          R      mAP50  mAP50-95): 100% ━━━━━━━━━━━━ 26/26 8.1it/s 3.2s
                   all        256       2566      0.753      0.481      0.528      0.341

      Epoch    GPU_mem   box_loss   cls_loss    l1_loss  Instances       Size
   146/5000      14.9G      1.019      0.279   0.002373         59       1280: 100% ━━━━━━━━━━━━ 349/349 3.3it/s 1:45
                 Class     Images  Instances      Box(P          R      mAP50  mAP50-95): 100% ━━━━━━━━━━━━ 26/26 8.0it/s 3.3s
                   all        256       2566      0.755       0.48      0.528      0.341

      Epoch    GPU_mem   box_loss   cls_loss    l1_loss  Instances       Size
   147/5000      14.5G      1.015     0.2779   0.002347        130       1280: 100% ━━━━━━━━━━━━ 349/349 3.3it/s 1:44
                 Class     Images  Instances      Box(P          R      mAP50  mAP50-95): 100% ━━━━━━━━━━━━ 26/26 8.0it/s 3.2s
                   all        256       2566      0.755       0.48      0.528      0.341

      Epoch    GPU_mem   box_loss   cls_loss    l1_loss  Instances       Size
   148/5000      14.6G      1.021      0.278   0.002307         26       1280: 100% ━━━━━━━━━━━━ 349/349 3.3it/s 1:45
                 Class     Images  Instances      Box(P          R      mAP50  mAP50-95): 100% ━━━━━━━━━━━━ 26/26 8.1it/s 3.2s
                   all        256       2566      0.756      0.479      0.527      0.341

      Epoch    GPU_mem   box_loss   cls_loss    l1_loss  Instances       Size
   149/5000        15G      1.037     0.2781   0.002292         41       1280: 100% ━━━━━━━━━━━━ 349/349 3.2it/s 1:49
                 Class     Images  Instances      Box(P          R      mAP50  mAP50-95): 100% ━━━━━━━━━━━━ 26/26 8.0it/s 3.2s
                   all        256       2566      0.798      0.453      0.526      0.341

      Epoch    GPU_mem   box_loss   cls_loss    l1_loss  Instances       Size
   150/5000      14.6G      1.026     0.2778   0.002297         70       1280: 100% ━━━━━━━━━━━━ 349/349 3.3it/s 1:44
                 Class     Images  Instances      Box(P          R      mAP50  mAP50-95): 100% ━━━━━━━━━━━━ 26/26 8.1it/s 3.2s
                   all        256       2566      0.757      0.477      0.526      0.341

      Epoch    GPU_mem   box_loss   cls_loss    l1_loss  Instances       Size
   151/5000      14.5G      1.016     0.2745   0.002247         51       1280: 100% ━━━━━━━━━━━━ 349/349 3.3it/s 1:45
                 Class     Images  Instances      Box(P          R      mAP50  mAP50-95): 100% ━━━━━━━━━━━━ 26/26 8.1it/s 3.2s
                   all        256       2566      0.758      0.476      0.525       0.34

      Epoch    GPU_mem   box_loss   cls_loss    l1_loss  Instances       Size
   152/5000      14.9G     0.9987     0.2704   0.002298         23       1280: 100% ━━━━━━━━━━━━ 349/349 3.3it/s 1:45
                 Class     Images  Instances      Box(P          R      mAP50  mAP50-95): 100% ━━━━━━━━━━━━ 26/26 8.1it/s 3.2s
                   all        256       2566       0.76      0.475      0.524       0.34

      Epoch    GPU_mem   box_loss   cls_loss    l1_loss  Instances       Size
   153/5000      14.6G      1.016     0.2785   0.002349         54       1280: 100% ━━━━━━━━━━━━ 349/349 3.3it/s 1:45
                 Class     Images  Instances      Box(P          R      mAP50  mAP50-95): 100% ━━━━━━━━━━━━ 26/26 8.1it/s 3.2s
                   all        256       2566      0.762      0.475      0.523      0.339

      Epoch    GPU_mem   box_loss   cls_loss    l1_loss  Instances       Size
   154/5000      14.5G      1.014     0.2734   0.002255         30       1280: 100% ━━━━━━━━━━━━ 349/349 3.3it/s 1:45
                 Class     Images  Instances      Box(P          R      mAP50  mAP50-95): 100% ━━━━━━━━━━━━ 26/26 8.1it/s 3.2s
                   all        256       2566      0.765      0.473      0.522      0.338

      Epoch    GPU_mem   box_loss   cls_loss    l1_loss  Instances       Size
   155/5000        15G      1.006     0.2752   0.002301         49       1280: 100% ━━━━━━━━━━━━ 349/349 3.3it/s 1:45
                 Class     Images  Instances      Box(P          R      mAP50  mAP50-95): 100% ━━━━━━━━━━━━ 26/26 8.0it/s 3.2s
                   all        256       2566      0.801       0.45      0.522      0.334

      Epoch    GPU_mem   box_loss   cls_loss    l1_loss  Instances       Size
   156/5000      14.6G      1.004     0.2643   0.002218         45       1280: 100% ━━━━━━━━━━━━ 349/349 3.3it/s 1:45
                 Class     Images  Instances      Box(P          R      mAP50  mAP50-95): 100% ━━━━━━━━━━━━ 26/26 8.1it/s 3.2s
                   all        256       2566      0.798       0.45      0.522      0.334

      Epoch    GPU_mem   box_loss   cls_loss    l1_loss  Instances       Size
   157/5000      14.5G      1.025     0.2748   0.002232         32       1280: 100% ━━━━━━━━━━━━ 349/349 3.3it/s 1:45
                 Class     Images  Instances      Box(P          R      mAP50  mAP50-95): 100% ━━━━━━━━━━━━ 26/26 8.1it/s 3.2s
                   all        256       2566      0.763      0.473      0.521      0.335

      Epoch    GPU_mem   box_loss   cls_loss    l1_loss  Instances       Size
   158/5000      14.9G      1.018     0.2679   0.002209         31       1280: 100% ━━━━━━━━━━━━ 349/349 3.3it/s 1:45
                 Class     Images  Instances      Box(P          R      mAP50  mAP50-95): 100% ━━━━━━━━━━━━ 26/26 8.0it/s 3.2s
                   all        256       2566      0.766      0.472      0.521      0.335

      Epoch    GPU_mem   box_loss   cls_loss    l1_loss  Instances       Size
   159/5000      14.7G      1.006     0.2641    0.00221         51       1280: 100% ━━━━━━━━━━━━ 349/349 3.3it/s 1:45
                 Class     Images  Instances      Box(P          R      mAP50  mAP50-95): 100% ━━━━━━━━━━━━ 26/26 8.1it/s 3.2s
                   all        256       2566      0.766      0.472       0.52      0.335

      Epoch    GPU_mem   box_loss   cls_loss    l1_loss  Instances       Size
   160/5000      14.6G      1.004     0.2637   0.002243         61       1280: 100% ━━━━━━━━━━━━ 349/349 3.3it/s 1:45
                 Class     Images  Instances      Box(P          R      mAP50  mAP50-95): 100% ━━━━━━━━━━━━ 26/26 8.1it/s 3.2s
                   all        256       2566      0.797      0.452       0.52      0.335

      Epoch    GPU_mem   box_loss   cls_loss    l1_loss  Instances       Size
   161/5000        15G     0.9968     0.2612   0.002211         15       1280: 100% ━━━━━━━━━━━━ 349/349 3.3it/s 1:45
                 Class     Images  Instances      Box(P          R      mAP50  mAP50-95): 100% ━━━━━━━━━━━━ 26/26 8.0it/s 3.2s
                   all        256       2566      0.797      0.451       0.52      0.334

      Epoch    GPU_mem   box_loss   cls_loss    l1_loss  Instances       Size
   162/5000      14.6G     0.9943     0.2608   0.002159         15       1280: 100% ━━━━━━━━━━━━ 349/349 3.3it/s 1:44
                 Class     Images  Instances      Box(P          R      mAP50  mAP50-95): 100% ━━━━━━━━━━━━ 26/26 8.0it/s 3.2s
                   all        256       2566      0.768      0.472       0.52      0.335

      Epoch    GPU_mem   box_loss   cls_loss    l1_loss  Instances       Size
   163/5000      14.5G     0.9987     0.2654   0.002144         42       1280: 100% ━━━━━━━━━━━━ 349/349 3.3it/s 1:45
                 Class     Images  Instances      Box(P          R      mAP50  mAP50-95): 100% ━━━━━━━━━━━━ 26/26 8.1it/s 3.2s
                   all        256       2566      0.769      0.472       0.52      0.335

      Epoch    GPU_mem   box_loss   cls_loss    l1_loss  Instances       Size
   164/5000      14.9G     0.9916     0.2664   0.002175         53       1280: 100% ━━━━━━━━━━━━ 349/349 3.3it/s 1:45
                 Class     Images  Instances      Box(P          R      mAP50  mAP50-95): 100% ━━━━━━━━━━━━ 26/26 8.1it/s 3.2s
                   all        256       2566      0.769      0.473       0.52      0.334

      Epoch    GPU_mem   box_loss   cls_loss    l1_loss  Instances       Size
   165/5000      14.6G     0.9942     0.2676   0.002183         22       1280: 100% ━━━━━━━━━━━━ 349/349 3.3it/s 1:44
                 Class     Images  Instances      Box(P          R      mAP50  mAP50-95): 100% ━━━━━━━━━━━━ 26/26 8.0it/s 3.2s
                   all        256       2566       0.77      0.473      0.519      0.334

      Epoch    GPU_mem   box_loss   cls_loss    l1_loss  Instances       Size
   166/5000      14.5G      0.987     0.2673   0.002239         52       1280: 100% ━━━━━━━━━━━━ 349/349 3.3it/s 1:45
                 Class     Images  Instances      Box(P          R      mAP50  mAP50-95): 100% ━━━━━━━━━━━━ 26/26 8.1it/s 3.2s
                   all        256       2566      0.771      0.473      0.518      0.334

      Epoch    GPU_mem   box_loss   cls_loss    l1_loss  Instances       Size
   167/5000        15G     0.9871     0.2581   0.002149         61       1280: 100% ━━━━━━━━━━━━ 349/349 3.3it/s 1:45
                 Class     Images  Instances      Box(P          R      mAP50  mAP50-95): 100% ━━━━━━━━━━━━ 26/26 8.1it/s 3.2s
                   all        256       2566      0.772      0.474      0.518      0.338

      Epoch    GPU_mem   box_loss   cls_loss    l1_loss  Instances       Size
   168/5000      14.6G     0.9808     0.2671    0.00218         49       1280: 100% ━━━━━━━━━━━━ 349/349 3.3it/s 1:44
                 Class     Images  Instances      Box(P          R      mAP50  mAP50-95): 100% ━━━━━━━━━━━━ 26/26 8.1it/s 3.2s
                   all        256       2566      0.772      0.474      0.518      0.337

      Epoch    GPU_mem   box_loss   cls_loss    l1_loss  Instances       Size
   169/5000      14.6G     0.9979     0.2685   0.002109         41       1280: 100% ━━━━━━━━━━━━ 349/349 3.3it/s 1:44
                 Class     Images  Instances      Box(P          R      mAP50  mAP50-95): 100% ━━━━━━━━━━━━ 26/26 8.1it/s 3.2s
                   all        256       2566      0.771      0.474      0.518      0.337

      Epoch    GPU_mem   box_loss   cls_loss    l1_loss  Instances       Size
   170/5000      14.9G     0.9762     0.2579   0.002141         63       1280: 100% ━━━━━━━━━━━━ 349/349 3.3it/s 1:45
                 Class     Images  Instances      Box(P          R      mAP50  mAP50-95): 100% ━━━━━━━━━━━━ 26/26 8.0it/s 3.2s
                   all        256       2566      0.771      0.473      0.518      0.337

      Epoch    GPU_mem   box_loss   cls_loss    l1_loss  Instances       Size
   171/5000      14.6G     0.9752     0.2566   0.002175         36       1280: 100% ━━━━━━━━━━━━ 349/349 3.3it/s 1:44
                 Class     Images  Instances      Box(P          R      mAP50  mAP50-95): 100% ━━━━━━━━━━━━ 26/26 8.1it/s 3.2s
                   all        256       2566      0.772      0.473      0.518      0.337

      Epoch    GPU_mem   box_loss   cls_loss    l1_loss  Instances       Size
   172/5000      14.5G     0.9893     0.2606   0.002137         46       1280: 100% ━━━━━━━━━━━━ 349/349 3.3it/s 1:45
                 Class     Images  Instances      Box(P          R      mAP50  mAP50-95): 100% ━━━━━━━━━━━━ 26/26 8.1it/s 3.2s
                   all        256       2566      0.766      0.474      0.517      0.337

      Epoch    GPU_mem   box_loss   cls_loss    l1_loss  Instances       Size
   173/5000      14.9G      0.982     0.2611   0.002109         23       1280: 100% ━━━━━━━━━━━━ 349/349 3.3it/s 1:45
                 Class     Images  Instances      Box(P          R      mAP50  mAP50-95): 100% ━━━━━━━━━━━━ 26/26 8.1it/s 3.2s
                   all        256       2566      0.772      0.472      0.518      0.337

      Epoch    GPU_mem   box_loss   cls_loss    l1_loss  Instances       Size
   174/5000      14.6G     0.9784     0.2628   0.002137         27       1280: 100% ━━━━━━━━━━━━ 349/349 3.3it/s 1:44
                 Class     Images  Instances      Box(P          R      mAP50  mAP50-95): 100% ━━━━━━━━━━━━ 26/26 8.0it/s 3.2s
                   all        256       2566      0.767      0.474      0.516      0.337

      Epoch    GPU_mem   box_loss   cls_loss    l1_loss  Instances       Size
   175/5000      14.6G     0.9824     0.2584   0.002092         30       1280: 100% ━━━━━━━━━━━━ 349/349 3.3it/s 1:45
                 Class     Images  Instances      Box(P          R      mAP50  mAP50-95): 100% ━━━━━━━━━━━━ 26/26 8.0it/s 3.2s
                   all        256       2566      0.767      0.474      0.516      0.337

      Epoch    GPU_mem   box_loss   cls_loss    l1_loss  Instances       Size
   176/5000        15G     0.9914     0.2606   0.002051         33       1280: 100% ━━━━━━━━━━━━ 349/349 3.2it/s 1:49
                 Class     Images  Instances      Box(P          R      mAP50  mAP50-95): 100% ━━━━━━━━━━━━ 26/26 8.0it/s 3.2s
                   all        256       2566      0.766      0.473      0.515      0.336

      Epoch    GPU_mem   box_loss   cls_loss    l1_loss  Instances       Size
   177/5000      14.5G     0.9814     0.2581    0.00209         38       1280: 100% ━━━━━━━━━━━━ 349/349 3.3it/s 1:45
                 Class     Images  Instances      Box(P          R      mAP50  mAP50-95): 100% ━━━━━━━━━━━━ 26/26 8.1it/s 3.2s
                   all        256       2566      0.772      0.471      0.515      0.337

      Epoch    GPU_mem   box_loss   cls_loss    l1_loss  Instances       Size
   178/5000      14.6G     0.9834     0.2581    0.00205         22       1280: 100% ━━━━━━━━━━━━ 349/349 3.1it/s 1:52
                 Class     Images  Instances      Box(P          R      mAP50  mAP50-95): 100% ━━━━━━━━━━━━ 26/26 8.0it/s 3.3s
                   all        256       2566      0.765      0.473      0.515      0.337

      Epoch    GPU_mem   box_loss   cls_loss    l1_loss  Instances       Size
   179/5000        15G     0.9854     0.2554   0.002135         37       1280: 100% ━━━━━━━━━━━━ 349/349 3.1it/s 1:53
                 Class     Images  Instances      Box(P          R      mAP50  mAP50-95): 100% ━━━━━━━━━━━━ 26/26 7.9it/s 3.3s
                   all        256       2566      0.765      0.472      0.515      0.337
EarlyStopping: Training stopped early as no improvement observed in last 100 epochs. Best results observed at epoch 79, best model saved as best.pt.
To update EarlyStopping(patience=100) pass a new patience value, i.e. `patience=300` or use `patience=0` to disable EarlyStopping.

179 epochs completed in 5.518 hours.
Optimizer stripped from D:\2026AIC\runs\detect\AIC_RGBIRDepth_yolo26l_1280_v2-3\weights\last.pt, 53.2MB
Optimizer stripped from D:\2026AIC\runs\detect\AIC_RGBIRDepth_yolo26l_1280_v2-3\weights\best.pt, 53.2MB

Validating D:\2026AIC\runs\detect\AIC_RGBIRDepth_yolo26l_1280_v2-3\weights\best.pt...
Ultralytics 8.4.152  Python-3.14.5 torch-2.14.0+cu132 CUDA:0 (NVIDIA GeForce RTX 5080, 16275MiB)
YOLO26l summary (fused): 188 layers, 24,756,144 parameters, 0 gradients, 86.7 GFLOPs
                 Class     Images  Instances      Box(P          R      mAP50  mAP50-95): 100% ━━━━━━━━━━━━ 26/26 8.4it/s 3.1s
                   all        256       2566      0.787      0.525      0.571      0.378
                person        132       1519      0.827       0.54      0.654      0.362
                  boat          2          7      0.612          1      0.918      0.777
                animal        149        623      0.868      0.655      0.764      0.469
                  seat         27         81      0.535      0.242      0.268       0.15
                  sign         35         72      0.577      0.361      0.368      0.287
               bicycle         26         95       0.76      0.274      0.354       0.17
                   car         18         65      0.857      0.585      0.601      0.323
                  ball         11         12          1          0          0          0
                 light         34         57      0.759      0.351      0.365      0.152
           garbage can         28         30      0.788      0.494      0.567      0.318
                   uav          3          3      0.862          1      0.995       0.73
              tricycle          2          2          1      0.805      0.995      0.795
Speed: 2.8ms preprocess, 6.9ms inference, 0.0ms loss, 0.7ms postprocess per image
Results saved to D:\2026AIC\runs\detect\AIC_RGBIRDepth_yolo26l_1280_v2-3